Apr  4 21:24:01 servername CRON[16489]: (root) CMD (rootscript &> /dev/null)
Apr  4 21:24:01 servername CRON[16490]: (user) CMD (userscript &> /dev/null)
Apr  4 21:24:01 servername CRON[16487]: (CRON) info (Cron information item)
Apr  4 21:25:01 servername CRON[16496]: (user) CMD (userscript &> /dev/null)
Apr  4 21:25:01 servername CRON[16497]: (root) CMD (shadowscript &> /dev/null)
Apr  4 21:25:01 servername CRON[16494]: (CRON) info (Cron information item)
Apr  4 21:26:01 servername CRON[16513]: (user) CMD (userscript &> /dev/null)
Apr  4 21:26:01 servername CRON[16511]: (CRON) info (Cron information item)
Apr  4 21:26:01 servername CRON[16514]: (root) CMD (rootscript &> /dev/null)
Apr  4 21:27:01 servername CRON[16519]: (user) CMD (userscript &> /dev/null)
Apr  4 21:27:01 servername CRON[16518]: (CRON) info (Cron information item)
Apr  4 21:28:01 servername CRON[16523]: (user) CMD (userscript &> /dev/null)
Apr  4 21:28:01 servername CRON[16522]: (root) CMD (rootscript &> /dev/null)
Apr  4 21:28:01 servername CRON[16520]: (CRON) info (Cron information item)
Apr  4 21:28:30 servername NOTCRON: Log entry that isn't a cron
Apr  4 21:28:30 servername NOTCRON: entry in order to test
Apr  4 21:28:31 servername NOTCRON: that these are ignored
Apr  4 21:29:01 servername CRON[16539]: (user) CMD (userscript &> /dev/null)
Apr  4 21:29:01 servername CRON[16538]: (CRON) info (Cron information item)
Apr  4 21:30:01 servername CRON[16551]: (root) CMD (shadowscript &> /dev/null)
Apr  4 21:30:01 servername CRON[16552]: (root) CMD (rootscript &> /dev/null)
Apr  4 21:30:01 servername CRON[16554]: (user) CMD (userscript &> /dev/null)
Apr  4 21:30:01 servername CRON[16548]: (CRON) info (Cron information item)
Apr  4 21:31:01 servername CRON[16569]: (user) CMD (userscript &> /dev/null)
Apr  4 21:31:01 servername CRON[16568]: (CRON) info (Cron information item)
Apr  4 21:32:01 servername CRON[16573]: (user) CMD (userscript &> /dev/null)
Apr  4 21:32:01 servername CRON[16574]: (root) CMD (rootscript &> /dev/null)
Apr  4 21:32:01 servername CRON[16571]: (CRON) info (Cron information item)
Apr  4 21:33:02 servername CRON[16588]: (user) CMD (userscript &> /dev/null)
Apr  4 21:33:02 servername CRON[16587]: (CRON) info (Cron information item)
Apr  4 21:34:01 servername CRON[16591]: (user) CMD (userscript &> /dev/null)
Apr  4 21:34:01 servername CRON[16592]: (root) CMD (rootscript &> /dev/null)
